// Jest Snapshot v1, https://goo.gl/fbAQLP

exports[`Pruebas en <RegisterScreen /> Debe de mostrarse correctamente 1`] = `
Array [
  <h3
    className="auth__title"
  >
    Register
  </h3>,
  <form
    className="animate__animated animate__fadeIn animate__faster"
    onSubmit={[Function]}
  >
    <input
      autoComplete="off"
      className="auth__input"
      maxLength={255}
      name="name"
      onChange={[Function]}
      pattern="[a-zA-ZÀ-ÿ\\\\u00f1\\\\u00d1]+(\\\\s*[a-zA-ZÀ-ÿ\\\\u00f1\\\\u00d1]*)*"
      placeholder="Name"
      required={true}
      title="El campo debe tener solamente caracteres alfabéticos."
      type="text"
      value=""
    />
    <input
      autoComplete="off"
      className="auth__input"
      maxLength={255}
      name="email"
      onChange={[Function]}
      pattern="[a-zA-Z0-9_]+([.\\\\-][a-zA-Z0-9_]+)*@[a-zA-Z0-9_]+([.][a-zA-Z0-9_]+)*[.][a-zA-Z]{1,5}"
      placeholder="Email"
      required={true}
      title="ej. example@email.com"
      type="email"
      value=""
    />
    <input
      className="auth__input"
      maxLength={255}
      minLength={6}
      name="password"
      onChange={[Function]}
      placeholder="Password"
      required={true}
      type="password"
      value=""
    />
    <input
      className="auth__input"
      maxLength={255}
      minLength={6}
      name="password2"
      onChange={[Function]}
      placeholder="Confirm"
      required={true}
      type="password"
      value=""
    />
    <button
      className="btn btn-primary btn-block mb-5"
      disabled={false}
      type="submit"
    >
      Register
    </button>
    <a
      className="link"
      href="/auth/login"
      onClick={[Function]}
    >
      Already registered?
    </a>
  </form>,
]
`;
